
> pylonchat@0.1.0 build
> next build

node.exe : 
[baseline-browser-mapping] The data 
in this module is over two months 
old.  To ensure accurate Baseline 
data, please update: `npm i 
baseline-browser-mapping@latest -D`
At line:1 char:1
+ & "C:\Program 
Files\nodejs/node.exe" 
"C:\Users\serte\AppData\Roaming\ ...
+ ~~~~~~~~~~~~~~~~~~~~~~~~~~~~~~~~~~~
~~~~~~~~~~~~~~~~~~~~~~~~~~~~~~~~~~
    + CategoryInfo          : 
NotSpecif    ied: 
([baseline-brows...ping@latest     
-D`:String) [], RemoteException
    + FullyQualifiedErrorId : 
NativeCom    mandError
 
ΓÜá `eslint` configuration in 
next.config.js is no longer 
supported. See more info here: https:
//nextjs.org/docs/app/api-reference/c
li/next#next-lint-options
ΓÜá Invalid next.config.js options 
detected: 
ΓÜá     Unrecognized key(s) in 
object: 'eslint'
ΓÜá See more info here: https://nextj
s.org/docs/messages/invalid-next-conf
ig
Γû▓ Next.js 16.1.1 (Turbopack)
- Environments: .env
- Experiments (use with caution):
  ┬╖ serverActions

ΓÜá The "middleware" file convention 
is deprecated. Please use "proxy" 
instead. Learn more: https://nextjs.o
rg/docs/messages/middleware-to-proxy
  Creating an optimized production build ...
[baseline-browser-mapping] The data 
in this module is over two months 
old.  To ensure accurate Baseline 
data, please update: `npm i 
baseline-browser-mapping@latest -D`

> Build error occurred
Error: Turbopack build failed with 1 
errors:
./src/components/team/TeamList.tsx:6:
1
Module not found: Can't resolve 
'@hookform/resolvers/zod'
[0m [90m 4 |[39m [36mimport[39m 
{ useTranslations } [36mfrom[39m 
[32m'next-intl'[39m
 [90m 5 |[39m [36mimport[39m { 
useForm } [36mfrom[39m 
[32m'react-hook-form'[39m
[31m[1m>[22m[39m[90m 6 |[39m 
[36mimport[39m { zodResolver } 
[36mfrom[39m 
[32m'@hookform/resolvers/zod'[39m
 [90m   |[39m [31m[1m^[22m[39m
[31m[1m^[22m[39m[31m[1m^[22m[3
9m[31m[1m^[22m[39m[31m[1m^[22m
[39m[31m[1m^[22m[39m[31m[1m^[
22m[39m[31m[1m^[22m[39m[31m[1m
^[22m[39m[31m[1m^[22m[39m[31m
[1m^[22m[39m[31m[1m^[22m[39m[3
1m[1m^[22m[39m[31m[1m^[22m[39m
[31m[1m^[22m[39m[31m[1m^[22m[
39m[31m[1m^[22m[39m[31m[1m^[22
m[39m[31m[1m^[22m[39m[31m[1m^
[22m[39m[31m[1m^[22m[39m[31m[1
m^[22m[39m[31m[1m^[22m[39m[31m
[1m^[22m[39m[31m[1m^[22m[39m[
31m[1m^[22m[39m[31m[1m^[22m[39
m[31m[1m^[22m[39m[31m[1m^[22m
[39m[31m[1m^[22m[39m[31m[1m^[2
2m[39m[31m[1m^[22m[39m[31m[1m^
[22m[39m[31m[1m^[22m[39m[31m[
1m^[22m[39m[31m[1m^[22m[39m[31
m[1m^[22m[39m[31m[1m^[22m[39m
[31m[1m^[22m[39m[31m[1m^[22m[3
9m[31m[1m^[22m[39m[31m[1m^[22m
[39m[31m[1m^[22m[39m[31m[1m^[
22m[39m[31m[1m^[22m[39m[31m[1m
^[22m[39m[31m[1m^[22m[39m[31m
[1m^[22m[39m[31m[1m^[22m[39m[3
1m[1m^[22m[39m[31m[1m^[22m[39m
[31m[1m^[22m[39m[31m[1m^[22m[
39m
 [90m 7 |[39m [36mimport[39m { z 
} [36mfrom[39m [32m'zod'[39m
 [90m 8 |[39m [36mimport[39m { 
toast } [36mfrom[39m 
[32m'react-hot-toast'[39m
 [90m 9 |[39m [36mimport[39m 
{[0m



Import trace:
  Server Component:
    
./src/components/team/TeamList.tsx
    ./src/app/[locale]/dashboard/team
/page.tsx

https://nextjs.org/docs/messages/modu
le-not-found


    at <unknown> (./src/components/te
am/TeamList.tsx:6:1)
    at <unknown> (https://nextjs.org/
docs/messages/module-not-found)
